BL51 BANKED LINKER/LOCATER V6.22.2.0                                                    11/30/2022  16:46:15  PAGE 1


BL51 BANKED LINKER/LOCATER V6.22.2.0, INVOKED BY:
D:\APPS\KEIL\C51\BIN\BL51.EXE STARTUP.obj, test1123.obj TO test1123


MEMORY MODEL: SMALL


INPUT MODULES INCLUDED:
  STARTUP.obj (?C_STARTUP)
  test1123.obj (TEST1123)


LINK MAP OF MODULE:  test1123 (?C_STARTUP)


            TYPE    BASE      LENGTH    RELOCATION   SEGMENT NAME
            -----------------------------------------------------

            * * * * * * *   D A T A   M E M O R Y   * * * * * * *
            REG     0000H     0008H     ABSOLUTE     "REG BANK 0"
            IDATA   0008H     0001H     UNIT         ?STACK

            * * * * * * *   C O D E   M E M O R Y   * * * * * * *
            CODE    0000H     0003H     ABSOLUTE     
            CODE    0003H     0011H     UNIT         ?PR?MAIN?TEST1123
                    0014H     0007H                  *** GAP ***
            CODE    001BH     0003H     ABSOLUTE     
            CODE    001EH     0025H     UNIT         ?PR?T1_INT?TEST1123
            CODE    0043H     001FH     UNIT         ?PR?_DELAY?TEST1123
            CODE    0062H     000CH     UNIT         ?C_C51STARTUP



OVERLAY MAP OF MODULE:   test1123 (?C_STARTUP)


SEGMENT
  +--> CALLED SEGMENT
---------------------
?C_C51STARTUP
  +--> ?PR?MAIN?TEST1123

*** NEW ROOT ***************************************************

?PR?T1_INT?TEST1123
  +--> ?PR?_DELAY?TEST1123



SYMBOL TABLE OF MODULE:  test1123 (?C_STARTUP)

  VALUE           TYPE          NAME
  ----------------------------------

  -------         MODULE        ?C_STARTUP
  C:0062H         SEGMENT       ?C_C51STARTUP
  I:0008H         SEGMENT       ?STACK
  C:0000H         PUBLIC        ?C_STARTUP
BL51 BANKED LINKER/LOCATER V6.22.2.0                                                  11/30/2022  16:46:15  PAGE 2


  D:00E0H         SYMBOL        ACC
  D:00F0H         SYMBOL        B
  D:0083H         SYMBOL        DPH
  D:0082H         SYMBOL        DPL
  N:0000H         SYMBOL        IBPSTACK
  N:0100H         SYMBOL        IBPSTACKTOP
  N:0080H         SYMBOL        IDATALEN
  C:0065H         SYMBOL        IDATALOOP
  N:0000H         SYMBOL        PBPSTACK
  N:0100H         SYMBOL        PBPSTACKTOP
  N:0000H         SYMBOL        PDATALEN
  N:0000H         SYMBOL        PDATASTART
  N:0000H         SYMBOL        PPAGE
  N:0000H         SYMBOL        PPAGEENABLE
  D:00A0H         SYMBOL        PPAGE_SFR
  D:0081H         SYMBOL        SP
  C:0062H         SYMBOL        STARTUP1
  N:0000H         SYMBOL        XBPSTACK
  N:0000H         SYMBOL        XBPSTACKTOP
  N:0000H         SYMBOL        XDATALEN
  N:0000H         SYMBOL        XDATASTART
  C:0000H         LINE#         126
  C:0062H         LINE#         133
  C:0064H         LINE#         134
  C:0065H         LINE#         135
  C:0066H         LINE#         136
  C:0068H         LINE#         185
  C:006BH         LINE#         196
  -------         ENDMOD        ?C_STARTUP

  -------         MODULE        TEST1123
  C:0000H         SYMBOL        _ICE_DUMMY_
  D:0090H         PUBLIC        P1
  B:00A8H.7       PUBLIC        EA
  C:0003H         PUBLIC        main
  C:001EH         PUBLIC        T1_int
  D:0089H         PUBLIC        TMOD
  B:00A8H.3       PUBLIC        ET1
  D:008DH         PUBLIC        TH1
  D:008BH         PUBLIC        TL1
  B:0088H.6       PUBLIC        TR1
  C:0043H         PUBLIC        _Delay
  -------         PROC          _DELAY
  D:0006H         SYMBOL        i
  -------         DO            
  D:0004H         SYMBOL        j
  -------         ENDDO         
  C:0043H         LINE#         3
  C:0043H         LINE#         4
  C:0043H         LINE#         6
  C:004CH         LINE#         7
  C:004FH         LINE#         8
  C:0061H         LINE#         9
  -------         ENDPROC       _DELAY
  -------         PROC          MAIN
  C:0003H         LINE#         11
  C:0003H         LINE#         12
BL51 BANKED LINKER/LOCATER V6.22.2.0                                                  11/30/2022  16:46:15  PAGE 3


  C:0003H         LINE#         13
  C:0006H         LINE#         14
  C:0009H         LINE#         15
  C:000CH         LINE#         16
  C:000EH         LINE#         17
  C:0010H         LINE#         18
  C:0012H         LINE#         19
  -------         ENDPROC       MAIN
  -------         PROC          T1_INT
  C:001EH         LINE#         22
  C:002DH         LINE#         24
  C:002DH         LINE#         25
  C:002DH         LINE#         26
  C:0030H         LINE#         27
  C:0037H         LINE#         28
  C:003AH         LINE#         29
  C:0041H         LINE#         30
  -------         ENDPROC       T1_INT
  -------         ENDMOD        TEST1123

Program Size: data=9.0 xdata=0 code=103
LINK/LOCATE RUN COMPLETE.  0 WARNING(S),  0 ERROR(S)
