BL51 BANKED LINKER/LOCATER V6.22.2.0                                                    11/30/2022  17:07:11  PAGE 1


BL51 BANKED LINKER/LOCATER V6.22.2.0, INVOKED BY:
D:\APPS\KEIL\C51\BIN\BL51.EXE .\Objects\1130.obj TO .\Objects\1130 PRINT (.\Listings\1130.m51) RAMSIZE (256)


MEMORY MODEL: SMALL


INPUT MODULES INCLUDED:
  .\Objects\1130.obj (1130)
  D:\APPS\KEIL\C51\LIB\C51S.LIB (?C_STARTUP)
  D:\APPS\KEIL\C51\LIB\C51S.LIB (?C_INIT)


LINK MAP OF MODULE:  .\Objects\1130 (1130)


            TYPE    BASE      LENGTH    RELOCATION   SEGMENT NAME
            -----------------------------------------------------

            * * * * * * *   D A T A   M E M O R Y   * * * * * * *
            REG     0000H     0008H     ABSOLUTE     "REG BANK 0"
            DATA    0008H     0001H     UNIT         ?DT?1130
            IDATA   0009H     0001H     UNIT         ?STACK

            * * * * * * *   C O D E   M E M O R Y   * * * * * * *
            CODE    0000H     0003H     ABSOLUTE     
            CODE    0003H     0004H     UNIT         ?C_INITSEG
                    0007H     0004H                  *** GAP ***
            CODE    000BH     0003H     ABSOLUTE     
            CODE    000EH     008CH     UNIT         ?C_C51STARTUP
            CODE    009AH     0020H     UNIT         ?PR?TIMER0?1130
            CODE    00BAH     0013H     UNIT         ?PR?MAIN?1130



OVERLAY MAP OF MODULE:   .\Objects\1130 (1130)


SEGMENT
  +--> CALLED SEGMENT
---------------------
?C_C51STARTUP
  +--> ?PR?MAIN?1130
  +--> ?C_INITSEG



SYMBOL TABLE OF MODULE:  .\Objects\1130 (1130)

  VALUE           TYPE          NAME
  ----------------------------------

  -------         MODULE        1130
  C:0000H         SYMBOL        _ICE_DUMMY_
  D:00A0H         PUBLIC        P2
  B:00A8H.7       PUBLIC        EA
  C:00BAH         PUBLIC        main
  C:009AH         PUBLIC        Timer0
BL51 BANKED LINKER/LOCATER V6.22.2.0                                                  11/30/2022  17:07:11  PAGE 2


  D:0089H         PUBLIC        TMOD
  B:00A8H.1       PUBLIC        ET0
  D:008CH         PUBLIC        TH0
  D:008AH         PUBLIC        TL0
  B:0088H.4       PUBLIC        TR0
  D:0008H         PUBLIC        i
  -------         PROC          MAIN
  C:00BAH         LINE#         4
  C:00BAH         LINE#         5
  C:00BAH         LINE#         6
  C:00BDH         LINE#         7
  C:00C0H         LINE#         8
  C:00C3H         LINE#         9
  C:00C5H         LINE#         10
  C:00C7H         LINE#         11
  C:00C9H         LINE#         12
  C:00CBH         LINE#         13
  -------         ENDPROC       MAIN
  -------         PROC          TIMER0
  C:009AH         LINE#         16
  C:009EH         LINE#         18
  C:00A1H         LINE#         19
  C:00A4H         LINE#         20
  C:00A6H         LINE#         21
  C:00AFH         LINE#         22
  C:00AFH         LINE#         23
  C:00B2H         LINE#         24
  C:00B5H         LINE#         25
  C:00B5H         LINE#         26
  -------         ENDPROC       TIMER0
  -------         ENDMOD        1130

Program Size: data=10.0 xdata=0 code=201
LINK/LOCATE RUN COMPLETE.  0 WARNING(S),  0 ERROR(S)
